Archive member included because of file (symbol)

d:/programs/codeblocks/winavr/bin/../lib/gcc/avr/4.3.3/avr6\libgcc.a(_udivmodqi4.o)
                              obj\Debug\USART.o (__udivmodqi4)
d:/programs/codeblocks/winavr/bin/../lib/gcc/avr/4.3.3/avr6\libgcc.a(_divmodhi4.o)
                              obj\Debug\main.o (__divmodhi4)
d:/programs/codeblocks/winavr/bin/../lib/gcc/avr/4.3.3/avr6\libgcc.a(_exit.o)
                              d:/programs/codeblocks/winavr/bin/../lib/gcc/avr/4.3.3/../../../../avr/lib/avr6/crtm2560.o (exit)
d:/programs/codeblocks/winavr/bin/../lib/gcc/avr/4.3.3/avr6\libgcc.a(_clear_bss.o)
                              obj\Debug\main.o (__do_clear_bss)
d:/programs/codeblocks/winavr/bin/../lib/gcc/avr/4.3.3/avr6\libgcc.a(_udivmodhi4.o)
                              d:/programs/codeblocks/winavr/bin/../lib/gcc/avr/4.3.3/avr6\libgcc.a(_divmodhi4.o) (__udivmodhi4)

Memory Configuration

Name             Origin             Length             Attributes
text             0x00000000         0x00100000         xr
data             0x00800200         0x0000fe00         rw !x
eeprom           0x00810000         0x00010000         rw !x
fuse             0x00820000         0x00000400         rw !x
lock             0x00830000         0x00000400         rw !x
signature        0x00840000         0x00000400         rw !x
*default*        0x00000000         0xffffffff

Linker script and memory map

Address of section .data set to 0x800200
LOAD d:/programs/codeblocks/winavr/bin/../lib/gcc/avr/4.3.3/../../../../avr/lib/avr6/crtm2560.o
LOAD obj\Debug\fuse.o
LOAD obj\Debug\main.o
LOAD obj\Debug\USART.o
LOAD d:/programs/codeblocks/winavr/bin/../lib/gcc/avr/4.3.3/avr6\libgcc.a
LOAD d:/programs/codeblocks/winavr/bin/../lib/gcc/avr/4.3.3/../../../../avr/lib/avr6\libc.a
LOAD d:/programs/codeblocks/winavr/bin/../lib/gcc/avr/4.3.3/avr6\libgcc.a

.hash
 *(.hash)

.dynsym
 *(.dynsym)

.dynstr
 *(.dynstr)

.gnu.version
 *(.gnu.version)

.gnu.version_d
 *(.gnu.version_d)

.gnu.version_r
 *(.gnu.version_r)

.rel.init
 *(.rel.init)

.rela.init
 *(.rela.init)

.rel.text
 *(.rel.text)
 *(.rel.text.*)
 *(.rel.gnu.linkonce.t*)

.rela.text
 *(.rela.text)
 *(.rela.text.*)
 *(.rela.gnu.linkonce.t*)

.rel.fini
 *(.rel.fini)

.rela.fini
 *(.rela.fini)

.rel.rodata
 *(.rel.rodata)
 *(.rel.rodata.*)
 *(.rel.gnu.linkonce.r*)

.rela.rodata
 *(.rela.rodata)
 *(.rela.rodata.*)
 *(.rela.gnu.linkonce.r*)

.rel.data
 *(.rel.data)
 *(.rel.data.*)
 *(.rel.gnu.linkonce.d*)

.rela.data
 *(.rela.data)
 *(.rela.data.*)
 *(.rela.gnu.linkonce.d*)

.rel.ctors
 *(.rel.ctors)

.rela.ctors
 *(.rela.ctors)

.rel.dtors
 *(.rel.dtors)

.rela.dtors
 *(.rela.dtors)

.rel.got
 *(.rel.got)

.rela.got
 *(.rela.got)

.rel.bss
 *(.rel.bss)

.rela.bss
 *(.rela.bss)

.rel.plt
 *(.rel.plt)

.rela.plt
 *(.rela.plt)

.text           0x00000000      0x7aa
 *(.vectors)
 .vectors       0x00000000       0xe4 d:/programs/codeblocks/winavr/bin/../lib/gcc/avr/4.3.3/../../../../avr/lib/avr6/crtm2560.o
                0x00000000                __vectors
                0x00000000                __vector_default
 *(.vectors)
 *(.progmem.gcc*)
 *(.progmem*)
                0x000000e4                . = ALIGN (0x2)
                0x000000e4                __trampolines_start = .
 *(.trampolines)
 .trampolines   0x000000e4        0x0 linker stubs
 *(.trampolines*)
                0x000000e4                __trampolines_end = .
 *(.jumptables)
 *(.jumptables*)
 *(.lowtext)
 *(.lowtext*)
                0x000000e4                __ctors_start = .
 *(.ctors)
                0x000000e4                __ctors_end = .
                0x000000e4                __dtors_start = .
 *(.dtors)
                0x000000e4                __dtors_end = .
 SORT(*)(.ctors)
 SORT(*)(.dtors)
 *(.init0)
 .init0         0x000000e4        0x0 d:/programs/codeblocks/winavr/bin/../lib/gcc/avr/4.3.3/../../../../avr/lib/avr6/crtm2560.o
                0x000000e4                __init
 *(.init0)
 *(.init1)
 *(.init1)
 *(.init2)
 .init2         0x000000e4       0x10 d:/programs/codeblocks/winavr/bin/../lib/gcc/avr/4.3.3/../../../../avr/lib/avr6/crtm2560.o
 *(.init2)
 *(.init3)
 *(.init3)
 *(.init4)
 .init4         0x000000f4       0x1a d:/programs/codeblocks/winavr/bin/../lib/gcc/avr/4.3.3/../../../../avr/lib/avr6/crtm2560.o
                0x000000f4                __do_copy_data
 .init4         0x0000010e       0x10 d:/programs/codeblocks/winavr/bin/../lib/gcc/avr/4.3.3/avr6\libgcc.a(_clear_bss.o)
                0x0000010e                __do_clear_bss
 *(.init4)
 *(.init5)
 *(.init5)
 *(.init6)
 *(.init6)
 *(.init7)
 *(.init7)
 *(.init8)
 *(.init8)
 *(.init9)
 .init9         0x0000011e        0x8 d:/programs/codeblocks/winavr/bin/../lib/gcc/avr/4.3.3/../../../../avr/lib/avr6/crtm2560.o
 *(.init9)
 *(.text)
 .text          0x00000126        0x4 d:/programs/codeblocks/winavr/bin/../lib/gcc/avr/4.3.3/../../../../avr/lib/avr6/crtm2560.o
                0x00000126                __vector_38
                0x00000126                __vector_22
                0x00000126                __vector_28
                0x00000126                __vector_1
                0x00000126                __vector_32
                0x00000126                __vector_34
                0x00000126                __vector_24
                0x00000126                __vector_12
                0x00000126                __vector_55
                0x00000126                __vector_46
                0x00000126                __bad_interrupt
                0x00000126                __vector_6
                0x00000126                __vector_31
                0x00000126                __vector_35
                0x00000126                __vector_39
                0x00000126                __vector_3
                0x00000126                __vector_23
                0x00000126                __vector_30
                0x00000126                __vector_45
                0x00000126                __vector_25
                0x00000126                __vector_11
                0x00000126                __vector_54
                0x00000126                __vector_13
                0x00000126                __vector_17
                0x00000126                __vector_19
                0x00000126                __vector_56
                0x00000126                __vector_7
                0x00000126                __vector_49
                0x00000126                __vector_41
                0x00000126                __vector_43
                0x00000126                __vector_27
                0x00000126                __vector_5
                0x00000126                __vector_33
                0x00000126                __vector_47
                0x00000126                __vector_52
                0x00000126                __vector_37
                0x00000126                __vector_4
                0x00000126                __vector_44
                0x00000126                __vector_51
                0x00000126                __vector_9
                0x00000126                __vector_2
                0x00000126                __vector_21
                0x00000126                __vector_15
                0x00000126                __vector_36
                0x00000126                __vector_29
                0x00000126                __vector_40
                0x00000126                __vector_8
                0x00000126                __vector_26
                0x00000126                __vector_48
                0x00000126                __vector_14
                0x00000126                __vector_53
                0x00000126                __vector_10
                0x00000126                __vector_50
                0x00000126                __vector_16
                0x00000126                __vector_18
                0x00000126                __vector_20
                0x00000126                __vector_42
 .text          0x0000012a        0x0 obj\Debug\fuse.o
 .text          0x0000012a      0x4ec obj\Debug\main.o
                0x0000012a                MagnometerRead
                0x00000348                IRDistanceRead
                0x0000044c                main
                0x000001b0                ColorSensorRead
 .text          0x00000616      0x12a obj\Debug\USART.o
                0x00000720                printHexByte
                0x00000714                nibbleToHexCharacter
                0x00000616                initUSART
                0x0000065a                printString
                0x00000638                transmitByte
                0x000006dc                printByte
                0x0000064a                receiveByte
                0x00000684                readString
 .text          0x00000740        0x0 d:/programs/codeblocks/winavr/bin/../lib/gcc/avr/4.3.3/avr6\libgcc.a(_udivmodqi4.o)
 .text          0x00000740        0x0 d:/programs/codeblocks/winavr/bin/../lib/gcc/avr/4.3.3/avr6\libgcc.a(_divmodhi4.o)
 .text          0x00000740        0x0 d:/programs/codeblocks/winavr/bin/../lib/gcc/avr/4.3.3/avr6\libgcc.a(_exit.o)
 .text          0x00000740        0x0 d:/programs/codeblocks/winavr/bin/../lib/gcc/avr/4.3.3/avr6\libgcc.a(_clear_bss.o)
 .text          0x00000740        0x0 d:/programs/codeblocks/winavr/bin/../lib/gcc/avr/4.3.3/avr6\libgcc.a(_udivmodhi4.o)
                0x00000740                . = ALIGN (0x2)
 *(.text.*)
 .text.libgcc   0x00000740       0x18 d:/programs/codeblocks/winavr/bin/../lib/gcc/avr/4.3.3/avr6\libgcc.a(_udivmodqi4.o)
                0x00000740                __udivmodqi4
 .text.libgcc   0x00000758       0x26 d:/programs/codeblocks/winavr/bin/../lib/gcc/avr/4.3.3/avr6\libgcc.a(_divmodhi4.o)
                0x00000758                __divmodhi4
                0x00000758                _div
 .text.libgcc   0x0000077e        0x0 d:/programs/codeblocks/winavr/bin/../lib/gcc/avr/4.3.3/avr6\libgcc.a(_exit.o)
 .text.libgcc   0x0000077e        0x0 d:/programs/codeblocks/winavr/bin/../lib/gcc/avr/4.3.3/avr6\libgcc.a(_clear_bss.o)
 .text.libgcc   0x0000077e       0x28 d:/programs/codeblocks/winavr/bin/../lib/gcc/avr/4.3.3/avr6\libgcc.a(_udivmodhi4.o)
                0x0000077e                __udivmodhi4
                0x000007a6                . = ALIGN (0x2)
 *(.fini9)
 .fini9         0x000007a6        0x0 d:/programs/codeblocks/winavr/bin/../lib/gcc/avr/4.3.3/avr6\libgcc.a(_exit.o)
                0x000007a6                exit
                0x000007a6                _exit
 *(.fini9)
 *(.fini8)
 *(.fini8)
 *(.fini7)
 *(.fini7)
 *(.fini6)
 *(.fini6)
 *(.fini5)
 *(.fini5)
 *(.fini4)
 *(.fini4)
 *(.fini3)
 *(.fini3)
 *(.fini2)
 *(.fini2)
 *(.fini1)
 *(.fini1)
 *(.fini0)
 .fini0         0x000007a6        0x4 d:/programs/codeblocks/winavr/bin/../lib/gcc/avr/4.3.3/avr6\libgcc.a(_exit.o)
 *(.fini0)
                0x000007aa                _etext = .

.data           0x00800200       0xa8 load address 0x000007aa
                0x00800200                PROVIDE (__data_start, .)
 *(.data)
 .data          0x00800200        0x0 d:/programs/codeblocks/winavr/bin/../lib/gcc/avr/4.3.3/../../../../avr/lib/avr6/crtm2560.o
 .data          0x00800200        0x0 obj\Debug\fuse.o
 .data          0x00800200       0xa7 obj\Debug\main.o
 .data          0x008002a7        0x0 obj\Debug\USART.o
 .data          0x008002a7        0x0 d:/programs/codeblocks/winavr/bin/../lib/gcc/avr/4.3.3/avr6\libgcc.a(_udivmodqi4.o)
 .data          0x008002a7        0x0 d:/programs/codeblocks/winavr/bin/../lib/gcc/avr/4.3.3/avr6\libgcc.a(_divmodhi4.o)
 .data          0x008002a7        0x0 d:/programs/codeblocks/winavr/bin/../lib/gcc/avr/4.3.3/avr6\libgcc.a(_exit.o)
 .data          0x008002a7        0x0 d:/programs/codeblocks/winavr/bin/../lib/gcc/avr/4.3.3/avr6\libgcc.a(_clear_bss.o)
 .data          0x008002a7        0x0 d:/programs/codeblocks/winavr/bin/../lib/gcc/avr/4.3.3/avr6\libgcc.a(_udivmodhi4.o)
 *(.data*)
 *(.rodata)
 *(.rodata*)
 *(.gnu.linkonce.d*)
                0x008002a8                . = ALIGN (0x2)
 *fill*         0x008002a7        0x1 00
                0x008002a8                _edata = .
                0x008002a8                PROVIDE (__data_end, .)

.bss            0x008002a8        0x2
                0x008002a8                PROVIDE (__bss_start, .)
 *(.bss)
 .bss           0x008002a8        0x0 d:/programs/codeblocks/winavr/bin/../lib/gcc/avr/4.3.3/../../../../avr/lib/avr6/crtm2560.o
 .bss           0x008002a8        0x0 obj\Debug\fuse.o
 .bss           0x008002a8        0x2 obj\Debug\main.o
                0x008002a8                north_angle
 .bss           0x008002aa        0x0 obj\Debug\USART.o
 .bss           0x008002aa        0x0 d:/programs/codeblocks/winavr/bin/../lib/gcc/avr/4.3.3/avr6\libgcc.a(_udivmodqi4.o)
 .bss           0x008002aa        0x0 d:/programs/codeblocks/winavr/bin/../lib/gcc/avr/4.3.3/avr6\libgcc.a(_divmodhi4.o)
 .bss           0x008002aa        0x0 d:/programs/codeblocks/winavr/bin/../lib/gcc/avr/4.3.3/avr6\libgcc.a(_exit.o)
 .bss           0x008002aa        0x0 d:/programs/codeblocks/winavr/bin/../lib/gcc/avr/4.3.3/avr6\libgcc.a(_clear_bss.o)
 .bss           0x008002aa        0x0 d:/programs/codeblocks/winavr/bin/../lib/gcc/avr/4.3.3/avr6\libgcc.a(_udivmodhi4.o)
 *(.bss*)
 *(COMMON)
                0x008002aa                PROVIDE (__bss_end, .)
                0x000007aa                __data_load_start = LOADADDR (.data)
                0x00000852                __data_load_end = (__data_load_start + SIZEOF (.data))

.noinit         0x008002aa        0x0
                0x008002aa                PROVIDE (__noinit_start, .)
 *(.noinit*)
                0x008002aa                PROVIDE (__noinit_end, .)
                0x008002aa                _end = .
                0x008002aa                PROVIDE (__heap_start, .)

.eeprom         0x00810000        0x0
 *(.eeprom*)
                0x00810000                __eeprom_end = .

.fuse           0x00820000        0x3
 *(.fuse)
 .fuse          0x00820000        0x3 obj\Debug\fuse.o
                0x00820000                __fuse
 *(.lfuse)
 *(.hfuse)
 *(.efuse)

.lock
 *(.lock*)

.signature
 *(.signature*)

.stab
 *(.stab)

.stabstr
 *(.stabstr)

.stab.excl
 *(.stab.excl)

.stab.exclstr
 *(.stab.exclstr)

.stab.index
 *(.stab.index)

.stab.indexstr
 *(.stab.indexstr)

.comment
 *(.comment)

.debug
 *(.debug)

.line
 *(.line)

.debug_srcinfo
 *(.debug_srcinfo)

.debug_sfnames
 *(.debug_sfnames)

.debug_aranges  0x00000000       0x40
 *(.debug_aranges)
 .debug_aranges
                0x00000000       0x20 obj\Debug\main.o
 .debug_aranges
                0x00000020       0x20 obj\Debug\USART.o

.debug_pubnames
                0x00000000      0x11a
 *(.debug_pubnames)
 .debug_pubnames
                0x00000000       0x1d obj\Debug\fuse.o
 .debug_pubnames
                0x0000001d       0x65 obj\Debug\main.o
 .debug_pubnames
                0x00000082       0x98 obj\Debug\USART.o

.debug_info     0x00000000      0x431
 *(.debug_info)
 .debug_info    0x00000000       0xae obj\Debug\fuse.o
 .debug_info    0x000000ae      0x1a3 obj\Debug\main.o
 .debug_info    0x00000251      0x1e0 obj\Debug\USART.o
 *(.gnu.linkonce.wi.*)

.debug_abbrev   0x00000000      0x279
 *(.debug_abbrev)
 .debug_abbrev  0x00000000       0x73 obj\Debug\fuse.o
 .debug_abbrev  0x00000073      0x114 obj\Debug\main.o
 .debug_abbrev  0x00000187       0xf2 obj\Debug\USART.o

.debug_line     0x00000000      0x607
 *(.debug_line)
 .debug_line    0x00000000       0x8e obj\Debug\fuse.o
 .debug_line    0x0000008e      0x382 obj\Debug\main.o
 .debug_line    0x00000410      0x1f7 obj\Debug\USART.o

.debug_frame    0x00000000       0xe0
 *(.debug_frame)
 .debug_frame   0x00000000       0x50 obj\Debug\main.o
 .debug_frame   0x00000050       0x90 obj\Debug\USART.o

.debug_str      0x00000000      0x19b
 *(.debug_str)
 .debug_str     0x00000000       0x8a obj\Debug\fuse.o
                                 0xbe (size before relaxing)
 .debug_str     0x0000008a       0x6e obj\Debug\main.o
                                0x10d (size before relaxing)
 .debug_str     0x000000f8       0xa3 obj\Debug\USART.o
                                0x141 (size before relaxing)

.debug_loc      0x00000000      0x483
 *(.debug_loc)
 .debug_loc     0x00000000      0x314 obj\Debug\main.o
 .debug_loc     0x00000314      0x16f obj\Debug\USART.o

.debug_macinfo
 *(.debug_macinfo)
OUTPUT(bin\Debug\AGV_code.elf elf32-avr)
LOAD linker stubs

Cross Reference Table

Symbol                                            File
ColorSensorRead                                   obj\Debug\main.o
IRDistanceRead                                    obj\Debug\main.o
MagnometerRead                                    obj\Debug\main.o
__bad_interrupt                                   d:/programs/codeblocks/winavr/bin/../lib/gcc/avr/4.3.3/../../../../avr/lib/avr6/crtm2560.o
__bss_end                                         d:/programs/codeblocks/winavr/bin/../lib/gcc/avr/4.3.3/avr6\libgcc.a(_clear_bss.o)
__bss_start                                       d:/programs/codeblocks/winavr/bin/../lib/gcc/avr/4.3.3/avr6\libgcc.a(_clear_bss.o)
__data_end                                        d:/programs/codeblocks/winavr/bin/../lib/gcc/avr/4.3.3/../../../../avr/lib/avr6/crtm2560.o
__data_load_start                                 d:/programs/codeblocks/winavr/bin/../lib/gcc/avr/4.3.3/../../../../avr/lib/avr6/crtm2560.o
__data_start                                      d:/programs/codeblocks/winavr/bin/../lib/gcc/avr/4.3.3/../../../../avr/lib/avr6/crtm2560.o
__divmodhi4                                       d:/programs/codeblocks/winavr/bin/../lib/gcc/avr/4.3.3/avr6\libgcc.a(_divmodhi4.o)
                                                  obj\Debug\main.o
__do_clear_bss                                    d:/programs/codeblocks/winavr/bin/../lib/gcc/avr/4.3.3/avr6\libgcc.a(_clear_bss.o)
                                                  obj\Debug\main.o
__do_copy_data                                    d:/programs/codeblocks/winavr/bin/../lib/gcc/avr/4.3.3/../../../../avr/lib/avr6/crtm2560.o
                                                  obj\Debug\main.o
__fuse                                            obj\Debug\fuse.o
__heap_end                                        d:/programs/codeblocks/winavr/bin/../lib/gcc/avr/4.3.3/../../../../avr/lib/avr6/crtm2560.o
__init                                            d:/programs/codeblocks/winavr/bin/../lib/gcc/avr/4.3.3/../../../../avr/lib/avr6/crtm2560.o
__stack                                           d:/programs/codeblocks/winavr/bin/../lib/gcc/avr/4.3.3/../../../../avr/lib/avr6/crtm2560.o
__udivmodhi4                                      d:/programs/codeblocks/winavr/bin/../lib/gcc/avr/4.3.3/avr6\libgcc.a(_udivmodhi4.o)
                                                  d:/programs/codeblocks/winavr/bin/../lib/gcc/avr/4.3.3/avr6\libgcc.a(_divmodhi4.o)
__udivmodqi4                                      d:/programs/codeblocks/winavr/bin/../lib/gcc/avr/4.3.3/avr6\libgcc.a(_udivmodqi4.o)
                                                  obj\Debug\USART.o
__vector_1                                        d:/programs/codeblocks/winavr/bin/../lib/gcc/avr/4.3.3/../../../../avr/lib/avr6/crtm2560.o
__vector_10                                       d:/programs/codeblocks/winavr/bin/../lib/gcc/avr/4.3.3/../../../../avr/lib/avr6/crtm2560.o
__vector_11                                       d:/programs/codeblocks/winavr/bin/../lib/gcc/avr/4.3.3/../../../../avr/lib/avr6/crtm2560.o
__vector_12                                       d:/programs/codeblocks/winavr/bin/../lib/gcc/avr/4.3.3/../../../../avr/lib/avr6/crtm2560.o
__vector_13                                       d:/programs/codeblocks/winavr/bin/../lib/gcc/avr/4.3.3/../../../../avr/lib/avr6/crtm2560.o
__vector_14                                       d:/programs/codeblocks/winavr/bin/../lib/gcc/avr/4.3.3/../../../../avr/lib/avr6/crtm2560.o
__vector_15                                       d:/programs/codeblocks/winavr/bin/../lib/gcc/avr/4.3.3/../../../../avr/lib/avr6/crtm2560.o
__vector_16                                       d:/programs/codeblocks/winavr/bin/../lib/gcc/avr/4.3.3/../../../../avr/lib/avr6/crtm2560.o
__vector_17                                       d:/programs/codeblocks/winavr/bin/../lib/gcc/avr/4.3.3/../../../../avr/lib/avr6/crtm2560.o
__vector_18                                       d:/programs/codeblocks/winavr/bin/../lib/gcc/avr/4.3.3/../../../../avr/lib/avr6/crtm2560.o
__vector_19                                       d:/programs/codeblocks/winavr/bin/../lib/gcc/avr/4.3.3/../../../../avr/lib/avr6/crtm2560.o
__vector_2                                        d:/programs/codeblocks/winavr/bin/../lib/gcc/avr/4.3.3/../../../../avr/lib/avr6/crtm2560.o
__vector_20                                       d:/programs/codeblocks/winavr/bin/../lib/gcc/avr/4.3.3/../../../../avr/lib/avr6/crtm2560.o
__vector_21                                       d:/programs/codeblocks/winavr/bin/../lib/gcc/avr/4.3.3/../../../../avr/lib/avr6/crtm2560.o
__vector_22                                       d:/programs/codeblocks/winavr/bin/../lib/gcc/avr/4.3.3/../../../../avr/lib/avr6/crtm2560.o
__vector_23                                       d:/programs/codeblocks/winavr/bin/../lib/gcc/avr/4.3.3/../../../../avr/lib/avr6/crtm2560.o
__vector_24                                       d:/programs/codeblocks/winavr/bin/../lib/gcc/avr/4.3.3/../../../../avr/lib/avr6/crtm2560.o
__vector_25                                       d:/programs/codeblocks/winavr/bin/../lib/gcc/avr/4.3.3/../../../../avr/lib/avr6/crtm2560.o
__vector_26                                       d:/programs/codeblocks/winavr/bin/../lib/gcc/avr/4.3.3/../../../../avr/lib/avr6/crtm2560.o
__vector_27                                       d:/programs/codeblocks/winavr/bin/../lib/gcc/avr/4.3.3/../../../../avr/lib/avr6/crtm2560.o
__vector_28                                       d:/programs/codeblocks/winavr/bin/../lib/gcc/avr/4.3.3/../../../../avr/lib/avr6/crtm2560.o
__vector_29                                       d:/programs/codeblocks/winavr/bin/../lib/gcc/avr/4.3.3/../../../../avr/lib/avr6/crtm2560.o
__vector_3                                        d:/programs/codeblocks/winavr/bin/../lib/gcc/avr/4.3.3/../../../../avr/lib/avr6/crtm2560.o
__vector_30                                       d:/programs/codeblocks/winavr/bin/../lib/gcc/avr/4.3.3/../../../../avr/lib/avr6/crtm2560.o
__vector_31                                       d:/programs/codeblocks/winavr/bin/../lib/gcc/avr/4.3.3/../../../../avr/lib/avr6/crtm2560.o
__vector_32                                       d:/programs/codeblocks/winavr/bin/../lib/gcc/avr/4.3.3/../../../../avr/lib/avr6/crtm2560.o
__vector_33                                       d:/programs/codeblocks/winavr/bin/../lib/gcc/avr/4.3.3/../../../../avr/lib/avr6/crtm2560.o
__vector_34                                       d:/programs/codeblocks/winavr/bin/../lib/gcc/avr/4.3.3/../../../../avr/lib/avr6/crtm2560.o
__vector_35                                       d:/programs/codeblocks/winavr/bin/../lib/gcc/avr/4.3.3/../../../../avr/lib/avr6/crtm2560.o
__vector_36                                       d:/programs/codeblocks/winavr/bin/../lib/gcc/avr/4.3.3/../../../../avr/lib/avr6/crtm2560.o
__vector_37                                       d:/programs/codeblocks/winavr/bin/../lib/gcc/avr/4.3.3/../../../../avr/lib/avr6/crtm2560.o
__vector_38                                       d:/programs/codeblocks/winavr/bin/../lib/gcc/avr/4.3.3/../../../../avr/lib/avr6/crtm2560.o
__vector_39                                       d:/programs/codeblocks/winavr/bin/../lib/gcc/avr/4.3.3/../../../../avr/lib/avr6/crtm2560.o
__vector_4                                        d:/programs/codeblocks/winavr/bin/../lib/gcc/avr/4.3.3/../../../../avr/lib/avr6/crtm2560.o
__vector_40                                       d:/programs/codeblocks/winavr/bin/../lib/gcc/avr/4.3.3/../../../../avr/lib/avr6/crtm2560.o
__vector_41                                       d:/programs/codeblocks/winavr/bin/../lib/gcc/avr/4.3.3/../../../../avr/lib/avr6/crtm2560.o
__vector_42                                       d:/programs/codeblocks/winavr/bin/../lib/gcc/avr/4.3.3/../../../../avr/lib/avr6/crtm2560.o
__vector_43                                       d:/programs/codeblocks/winavr/bin/../lib/gcc/avr/4.3.3/../../../../avr/lib/avr6/crtm2560.o
__vector_44                                       d:/programs/codeblocks/winavr/bin/../lib/gcc/avr/4.3.3/../../../../avr/lib/avr6/crtm2560.o
__vector_45                                       d:/programs/codeblocks/winavr/bin/../lib/gcc/avr/4.3.3/../../../../avr/lib/avr6/crtm2560.o
__vector_46                                       d:/programs/codeblocks/winavr/bin/../lib/gcc/avr/4.3.3/../../../../avr/lib/avr6/crtm2560.o
__vector_47                                       d:/programs/codeblocks/winavr/bin/../lib/gcc/avr/4.3.3/../../../../avr/lib/avr6/crtm2560.o
__vector_48                                       d:/programs/codeblocks/winavr/bin/../lib/gcc/avr/4.3.3/../../../../avr/lib/avr6/crtm2560.o
__vector_49                                       d:/programs/codeblocks/winavr/bin/../lib/gcc/avr/4.3.3/../../../../avr/lib/avr6/crtm2560.o
__vector_5                                        d:/programs/codeblocks/winavr/bin/../lib/gcc/avr/4.3.3/../../../../avr/lib/avr6/crtm2560.o
__vector_50                                       d:/programs/codeblocks/winavr/bin/../lib/gcc/avr/4.3.3/../../../../avr/lib/avr6/crtm2560.o
__vector_51                                       d:/programs/codeblocks/winavr/bin/../lib/gcc/avr/4.3.3/../../../../avr/lib/avr6/crtm2560.o
__vector_52                                       d:/programs/codeblocks/winavr/bin/../lib/gcc/avr/4.3.3/../../../../avr/lib/avr6/crtm2560.o
__vector_53                                       d:/programs/codeblocks/winavr/bin/../lib/gcc/avr/4.3.3/../../../../avr/lib/avr6/crtm2560.o
__vector_54                                       d:/programs/codeblocks/winavr/bin/../lib/gcc/avr/4.3.3/../../../../avr/lib/avr6/crtm2560.o
__vector_55                                       d:/programs/codeblocks/winavr/bin/../lib/gcc/avr/4.3.3/../../../../avr/lib/avr6/crtm2560.o
__vector_56                                       d:/programs/codeblocks/winavr/bin/../lib/gcc/avr/4.3.3/../../../../avr/lib/avr6/crtm2560.o
__vector_6                                        d:/programs/codeblocks/winavr/bin/../lib/gcc/avr/4.3.3/../../../../avr/lib/avr6/crtm2560.o
__vector_7                                        d:/programs/codeblocks/winavr/bin/../lib/gcc/avr/4.3.3/../../../../avr/lib/avr6/crtm2560.o
__vector_8                                        d:/programs/codeblocks/winavr/bin/../lib/gcc/avr/4.3.3/../../../../avr/lib/avr6/crtm2560.o
__vector_9                                        d:/programs/codeblocks/winavr/bin/../lib/gcc/avr/4.3.3/../../../../avr/lib/avr6/crtm2560.o
__vector_default                                  d:/programs/codeblocks/winavr/bin/../lib/gcc/avr/4.3.3/../../../../avr/lib/avr6/crtm2560.o
__vectors                                         d:/programs/codeblocks/winavr/bin/../lib/gcc/avr/4.3.3/../../../../avr/lib/avr6/crtm2560.o
_div                                              d:/programs/codeblocks/winavr/bin/../lib/gcc/avr/4.3.3/avr6\libgcc.a(_divmodhi4.o)
_exit                                             d:/programs/codeblocks/winavr/bin/../lib/gcc/avr/4.3.3/avr6\libgcc.a(_exit.o)
exit                                              d:/programs/codeblocks/winavr/bin/../lib/gcc/avr/4.3.3/avr6\libgcc.a(_exit.o)
                                                  d:/programs/codeblocks/winavr/bin/../lib/gcc/avr/4.3.3/../../../../avr/lib/avr6/crtm2560.o
initUSART                                         obj\Debug\USART.o
                                                  obj\Debug\main.o
main                                              obj\Debug\main.o
                                                  d:/programs/codeblocks/winavr/bin/../lib/gcc/avr/4.3.3/../../../../avr/lib/avr6/crtm2560.o
nibbleToHexCharacter                              obj\Debug\USART.o
north_angle                                       obj\Debug\main.o
printByte                                         obj\Debug\USART.o
                                                  obj\Debug\main.o
printHexByte                                      obj\Debug\USART.o
printString                                       obj\Debug\USART.o
                                                  obj\Debug\main.o
readString                                        obj\Debug\USART.o
receiveByte                                       obj\Debug\USART.o
transmitByte                                      obj\Debug\USART.o
